../Middlewares/Third_Party/ioLibrary_Driver-master/Ethernet/wizchip_conf.c:67:9:wizchip_cris_enter	4	static
../Middlewares/Third_Party/ioLibrary_Driver-master/Ethernet/wizchip_conf.c:75:9:wizchip_cris_exit	4	static
../Middlewares/Third_Party/ioLibrary_Driver-master/Ethernet/wizchip_conf.c:83:7:wizchip_cs_select	4	static
../Middlewares/Third_Party/ioLibrary_Driver-master/Ethernet/wizchip_conf.c:91:7:wizchip_cs_deselect	4	static
../Middlewares/Third_Party/ioLibrary_Driver-master/Ethernet/wizchip_conf.c:100:10:wizchip_bus_readdata	16	static
../Middlewares/Third_Party/ioLibrary_Driver-master/Ethernet/wizchip_conf.c:111:7:wizchip_bus_writedata	16	static
../Middlewares/Third_Party/ioLibrary_Driver-master/Ethernet/wizchip_conf.c:129:6:wizchip_bus_read_buf	40	static
../Middlewares/Third_Party/ioLibrary_Driver-master/Ethernet/wizchip_conf.c:153:6:wizchip_bus_write_buf	32	static
../Middlewares/Third_Party/ioLibrary_Driver-master/Ethernet/wizchip_conf.c:172:9:wizchip_spi_readbyte	4	static
../Middlewares/Third_Party/ioLibrary_Driver-master/Ethernet/wizchip_conf.c:182:7:wizchip_spi_writebyte	16	static
../Middlewares/Third_Party/ioLibrary_Driver-master/Ethernet/wizchip_conf.c:192:7:wizchip_spi_readburst	32	static
../Middlewares/Third_Party/ioLibrary_Driver-master/Ethernet/wizchip_conf.c:209:7:wizchip_spi_writeburst	24	static
../Middlewares/Third_Party/ioLibrary_Driver-master/Ethernet/wizchip_conf.c:224:6:wizchip_qspi_read	24	static
../Middlewares/Third_Party/ioLibrary_Driver-master/Ethernet/wizchip_conf.c:231:6:wizchip_qspi_write	24	static
../Middlewares/Third_Party/ioLibrary_Driver-master/Ethernet/wizchip_conf.c:289:6:reg_wizchip_cris_cbfunc	16	static
../Middlewares/Third_Party/ioLibrary_Driver-master/Ethernet/wizchip_conf.c:299:6:reg_wizchip_cs_cbfunc	16	static
../Middlewares/Third_Party/ioLibrary_Driver-master/Ethernet/wizchip_conf.c:311:6:reg_wizchip_bus_cbfunc	16	static
../Middlewares/Third_Party/ioLibrary_Driver-master/Ethernet/wizchip_conf.c:336:6:reg_wizchip_busbuf_cbfunc	16	static
../Middlewares/Third_Party/ioLibrary_Driver-master/Ethernet/wizchip_conf.c:393:6:reg_wizchip_spi_cbfunc	16	static
../Middlewares/Third_Party/ioLibrary_Driver-master/Ethernet/wizchip_conf.c:407:6:reg_wizchip_spiburst_cbfunc	16	static
../Middlewares/Third_Party/ioLibrary_Driver-master/Ethernet/wizchip_conf.c:419:6:reg_wizchip_qspi_cbfunc	16	static
../Middlewares/Third_Party/ioLibrary_Driver-master/Ethernet/wizchip_conf.c:433:8:ctlwizchip	40	static
../Middlewares/Third_Party/ioLibrary_Driver-master/Ethernet/wizchip_conf.c:578:8:ctlnetwork	16	static
../Middlewares/Third_Party/ioLibrary_Driver-master/Ethernet/wizchip_conf.c:618:6:wizchip_sw_reset	32	static
../Middlewares/Third_Party/ioLibrary_Driver-master/Ethernet/wizchip_conf.c:675:8:wizchip_init	24	static
../Middlewares/Third_Party/ioLibrary_Driver-master/Ethernet/wizchip_conf.c:778:6:wizchip_clrinterrupt	24	static
../Middlewares/Third_Party/ioLibrary_Driver-master/Ethernet/wizchip_conf.c:826:11:wizchip_getinterrupt	16	static
../Middlewares/Third_Party/ioLibrary_Driver-master/Ethernet/wizchip_conf.c:862:6:wizchip_setinterruptmask	24	static
../Middlewares/Third_Party/ioLibrary_Driver-master/Ethernet/wizchip_conf.c:890:11:wizchip_getinterruptmask	16	static
../Middlewares/Third_Party/ioLibrary_Driver-master/Ethernet/wizchip_conf.c:924:8:wizphy_getphylink	16	static
../Middlewares/Third_Party/ioLibrary_Driver-master/Ethernet/wizchip_conf.c:958:8:wizphy_getphypmode	16	static
../Middlewares/Third_Party/ioLibrary_Driver-master/Ethernet/wizchip_conf.c:1063:6:wizphy_reset	16	static
../Middlewares/Third_Party/ioLibrary_Driver-master/Ethernet/wizchip_conf.c:1072:6:wizphy_setphyconf	24	static
../Middlewares/Third_Party/ioLibrary_Driver-master/Ethernet/wizchip_conf.c:1100:6:wizphy_getphyconf	24	static
../Middlewares/Third_Party/ioLibrary_Driver-master/Ethernet/wizchip_conf.c:1135:6:wizphy_getphystat	24	static
../Middlewares/Third_Party/ioLibrary_Driver-master/Ethernet/wizchip_conf.c:1141:8:wizphy_setphypmode	24	static
../Middlewares/Third_Party/ioLibrary_Driver-master/Ethernet/wizchip_conf.c:1380:6:wizchip_setnetinfo	16	static
../Middlewares/Third_Party/ioLibrary_Driver-master/Ethernet/wizchip_conf.c:1392:6:wizchip_getnetinfo	16	static
../Middlewares/Third_Party/ioLibrary_Driver-master/Ethernet/wizchip_conf.c:1404:8:wizchip_setnetmode	24	static
../Middlewares/Third_Party/ioLibrary_Driver-master/Ethernet/wizchip_conf.c:1421:14:wizchip_getnetmode	8	static
../Middlewares/Third_Party/ioLibrary_Driver-master/Ethernet/wizchip_conf.c:1425:6:wizchip_settimeout	16	static
../Middlewares/Third_Party/ioLibrary_Driver-master/Ethernet/wizchip_conf.c:1430:6:wizchip_gettimeout	24	static
