../Middlewares/Third_Party/mbedTLS/library/psa_crypto_core_common.h:29:30:psa_crypto_buffer_offset	16	static
C:/Users/My/STM32CubeIDE/workspace_1.13.2/MonSet/Middlewares/Third_Party/mbedTLS/include/psa/crypto_values.h:2474:19:mbedtls_svc_key_id_is_null	16	static
C:/Users/My/STM32CubeIDE/workspace_1.13.2/MonSet/Middlewares/Third_Party/mbedTLS/include/psa/crypto_struct.h:350:36:psa_get_key_id	16	static
C:/Users/My/STM32CubeIDE/workspace_1.13.2/MonSet/Middlewares/Third_Party/mbedTLS/include/psa/crypto_struct.h:377:34:psa_get_key_lifetime	16	static
C:/Users/My/STM32CubeIDE/workspace_1.13.2/MonSet/Middlewares/Third_Party/mbedTLS/include/psa/crypto_struct.h:383:20:psa_extend_key_usage_flags	16	static
C:/Users/My/STM32CubeIDE/workspace_1.13.2/MonSet/Middlewares/Third_Party/mbedTLS/include/psa/crypto_struct.h:394:20:psa_set_key_usage_flags	16	static
C:/Users/My/STM32CubeIDE/workspace_1.13.2/MonSet/Middlewares/Third_Party/mbedTLS/include/psa/crypto_struct.h:419:20:psa_set_key_type	16	static
C:/Users/My/STM32CubeIDE/workspace_1.13.2/MonSet/Middlewares/Third_Party/mbedTLS/include/psa/crypto_struct.h:425:30:psa_get_key_type	16	static
C:/Users/My/STM32CubeIDE/workspace_1.13.2/MonSet/Middlewares/Third_Party/mbedTLS/include/psa/crypto_struct.h:431:20:psa_set_key_bits	16	static
C:/Users/My/STM32CubeIDE/workspace_1.13.2/MonSet/Middlewares/Third_Party/mbedTLS/include/psa/crypto_struct.h:441:22:psa_get_key_bits	16	static
../Middlewares/Third_Party/mbedTLS/library/psa_crypto_driver_wrappers.h:79:28:psa_driver_wrapper_init	16	static
../Middlewares/Third_Party/mbedTLS/library/psa_crypto_driver_wrappers.h:103:20:psa_driver_wrapper_free	4	static
../Middlewares/Third_Party/mbedTLS/library/psa_crypto_driver_wrappers.h:118:28:psa_driver_wrapper_sign_message	56	static
../Middlewares/Third_Party/mbedTLS/library/psa_crypto_driver_wrappers.h:209:28:psa_driver_wrapper_verify_message	48	static
../Middlewares/Third_Party/mbedTLS/library/psa_crypto_driver_wrappers.h:280:28:psa_driver_wrapper_sign_hash	56	static
../Middlewares/Third_Party/mbedTLS/library/psa_crypto_driver_wrappers.h:399:28:psa_driver_wrapper_verify_hash	48	static
../Middlewares/Third_Party/mbedTLS/library/psa_crypto_driver_wrappers.h:499:24:psa_driver_wrapper_sign_hash_get_num_ops	16	static
../Middlewares/Third_Party/mbedTLS/library/psa_crypto_driver_wrappers.h:523:24:psa_driver_wrapper_verify_hash_get_num_ops	16	static
../Middlewares/Third_Party/mbedTLS/library/psa_crypto_driver_wrappers.h:548:28:psa_driver_wrapper_sign_hash_start	48	static
../Middlewares/Third_Party/mbedTLS/library/psa_crypto_driver_wrappers.h:593:28:psa_driver_wrapper_sign_hash_complete	24	static
../Middlewares/Third_Party/mbedTLS/library/psa_crypto_driver_wrappers.h:620:28:psa_driver_wrapper_sign_hash_abort	16	static
../Middlewares/Third_Party/mbedTLS/library/psa_crypto_driver_wrappers.h:639:28:psa_driver_wrapper_verify_hash_start	56	static
../Middlewares/Third_Party/mbedTLS/library/psa_crypto_driver_wrappers.h:686:28:psa_driver_wrapper_verify_hash_complete	16	static
../Middlewares/Third_Party/mbedTLS/library/psa_crypto_driver_wrappers.h:707:28:psa_driver_wrapper_verify_hash_abort	16	static
../Middlewares/Third_Party/mbedTLS/library/psa_crypto_driver_wrappers.h:739:28:psa_driver_wrapper_get_key_buffer_size_from_key_data	32	static
../Middlewares/Third_Party/mbedTLS/library/psa_crypto_driver_wrappers.h:778:28:psa_driver_wrapper_generate_key	56	static
../Middlewares/Third_Party/mbedTLS/library/psa_crypto_driver_wrappers.h:895:28:psa_driver_wrapper_import_key	48	static
../Middlewares/Third_Party/mbedTLS/library/psa_crypto_driver_wrappers.h:1018:28:psa_driver_wrapper_export_key	40	static
../Middlewares/Third_Party/mbedTLS/library/psa_crypto_driver_wrappers.h:1081:28:psa_driver_wrapper_copy_key	32	static
../Middlewares/Third_Party/mbedTLS/library/psa_crypto_driver_wrappers.h:1133:28:psa_driver_wrapper_cipher_encrypt	64	static
../Middlewares/Third_Party/mbedTLS/library/psa_crypto_driver_wrappers.h:1243:28:psa_driver_wrapper_cipher_decrypt	56	static
../Middlewares/Third_Party/mbedTLS/library/psa_crypto_driver_wrappers.h:1341:28:psa_driver_wrapper_cipher_encrypt_setup	40	static
../Middlewares/Third_Party/mbedTLS/library/psa_crypto_driver_wrappers.h:1414:28:psa_driver_wrapper_cipher_decrypt_setup	40	static
../Middlewares/Third_Party/mbedTLS/library/psa_crypto_driver_wrappers.h:1487:28:psa_driver_wrapper_cipher_set_iv	24	static
../Middlewares/Third_Party/mbedTLS/library/psa_crypto_driver_wrappers.h:1522:28:psa_driver_wrapper_cipher_update	32	static
../Middlewares/Third_Party/mbedTLS/library/psa_crypto_driver_wrappers.h:1568:28:psa_driver_wrapper_cipher_finish	24	static
../Middlewares/Third_Party/mbedTLS/library/psa_crypto_driver_wrappers.h:1606:28:psa_driver_wrapper_cipher_abort	24	static
../Middlewares/Third_Party/mbedTLS/library/psa_crypto_driver_wrappers.h:1646:28:psa_driver_wrapper_hash_compute	40	static
../Middlewares/Third_Party/mbedTLS/library/psa_crypto_driver_wrappers.h:1682:28:psa_driver_wrapper_hash_setup	24	static
../Middlewares/Third_Party/mbedTLS/library/psa_crypto_driver_wrappers.h:1715:28:psa_driver_wrapper_hash_clone	16	static
../Middlewares/Third_Party/mbedTLS/library/psa_crypto_driver_wrappers.h:1740:28:psa_driver_wrapper_hash_update	24	static
../Middlewares/Third_Party/mbedTLS/library/psa_crypto_driver_wrappers.h:1765:28:psa_driver_wrapper_hash_finish	24	static
../Middlewares/Third_Party/mbedTLS/library/psa_crypto_driver_wrappers.h:1792:28:psa_driver_wrapper_hash_abort	16	static
../Middlewares/Third_Party/mbedTLS/library/psa_crypto_driver_wrappers.h:1811:28:psa_driver_wrapper_aead_encrypt	72	static
../Middlewares/Third_Party/mbedTLS/library/psa_crypto_driver_wrappers.h:1882:28:psa_driver_wrapper_aead_decrypt	72	static
../Middlewares/Third_Party/mbedTLS/library/psa_crypto_driver_wrappers.h:1953:28:psa_driver_wrapper_aead_encrypt_setup	40	static
../Middlewares/Third_Party/mbedTLS/library/psa_crypto_driver_wrappers.h:2001:28:psa_driver_wrapper_aead_decrypt_setup	40	static
../Middlewares/Third_Party/mbedTLS/library/psa_crypto_driver_wrappers.h:2051:28:psa_driver_wrapper_aead_set_nonce	24	static
../Middlewares/Third_Party/mbedTLS/library/psa_crypto_driver_wrappers.h:2085:28:psa_driver_wrapper_aead_set_lengths	24	static
../Middlewares/Third_Party/mbedTLS/library/psa_crypto_driver_wrappers.h:2119:28:psa_driver_wrapper_aead_update_ad	24	static
../Middlewares/Third_Party/mbedTLS/library/psa_crypto_driver_wrappers.h:2153:28:psa_driver_wrapper_aead_update	32	static
../Middlewares/Third_Party/mbedTLS/library/psa_crypto_driver_wrappers.h:2195:28:psa_driver_wrapper_aead_finish	40	static
../Middlewares/Third_Party/mbedTLS/library/psa_crypto_driver_wrappers.h:2240:28:psa_driver_wrapper_aead_verify	64	static
../Middlewares/Third_Party/mbedTLS/library/psa_crypto_driver_wrappers.h:2303:28:psa_driver_wrapper_aead_abort	16	static
../Middlewares/Third_Party/mbedTLS/library/psa_crypto_driver_wrappers.h:2332:28:psa_driver_wrapper_mac_compute	56	static
../Middlewares/Third_Party/mbedTLS/library/psa_crypto_driver_wrappers.h:2400:28:psa_driver_wrapper_mac_sign_setup	40	static
../Middlewares/Third_Party/mbedTLS/library/psa_crypto_driver_wrappers.h:2472:28:psa_driver_wrapper_mac_verify_setup	40	static
../Middlewares/Third_Party/mbedTLS/library/psa_crypto_driver_wrappers.h:2544:28:psa_driver_wrapper_mac_update	24	static
../Middlewares/Third_Party/mbedTLS/library/psa_crypto_driver_wrappers.h:2577:28:psa_driver_wrapper_mac_sign_finish	24	static
../Middlewares/Third_Party/mbedTLS/library/psa_crypto_driver_wrappers.h:2612:28:psa_driver_wrapper_mac_verify_finish	24	static
../Middlewares/Third_Party/mbedTLS/library/psa_crypto_driver_wrappers.h:2645:28:psa_driver_wrapper_mac_abort	16	static
../Middlewares/Third_Party/mbedTLS/library/psa_crypto_driver_wrappers.h:2673:28:psa_driver_wrapper_asymmetric_encrypt	64	static
../Middlewares/Third_Party/mbedTLS/library/psa_crypto_driver_wrappers.h:2733:28:psa_driver_wrapper_asymmetric_decrypt	64	static
../Middlewares/Third_Party/mbedTLS/library/psa_crypto_driver_wrappers.h:2804:28:psa_driver_wrapper_key_agreement	56	static
../Middlewares/Third_Party/mbedTLS/library/psa_crypto_driver_wrappers.h:2902:28:psa_driver_wrapper_pake_setup	24	static
../Middlewares/Third_Party/mbedTLS/library/psa_crypto_driver_wrappers.h:2944:28:psa_driver_wrapper_pake_output	32	static
../Middlewares/Third_Party/mbedTLS/library/psa_crypto_driver_wrappers.h:2976:28:psa_driver_wrapper_pake_input	24	static
../Middlewares/Third_Party/mbedTLS/library/psa_crypto_driver_wrappers.h:3008:28:psa_driver_wrapper_pake_get_implicit_key	24	static
../Middlewares/Third_Party/mbedTLS/library/psa_crypto_driver_wrappers.h:3037:28:psa_driver_wrapper_pake_abort	16	static
../Middlewares/Third_Party/mbedTLS/library/psa_crypto_slot_management.h:205:28:psa_key_slot_state_transition	16	static
../Middlewares/Third_Party/mbedTLS/library/psa_crypto_slot_management.h:300:19:psa_key_lifetime_is_external	16	static
../Middlewares/Third_Party/mbedTLS/library/psa_crypto_random_impl.h:79:20:mbedtls_psa_drbg_init	16	static
../Middlewares/Third_Party/mbedTLS/library/psa_crypto_random_impl.h:92:20:mbedtls_psa_drbg_free	16	static
../Middlewares/Third_Party/mbedTLS/library/psa_crypto_random_impl.h:112:19:mbedtls_psa_drbg_seed	32	static
../Middlewares/Third_Party/mbedTLS/library/constant_time_impl.h:120:38:mbedtls_ct_bool	24	static,ignoring_inline_asm
../Middlewares/Third_Party/mbedTLS/library/constant_time_impl.h:446:22:mbedtls_ct_size_if_else_0	16	static
../Middlewares/Third_Party/mbedTLS/library/constant_time_impl.h:531:38:mbedtls_ct_bool_not	16	static
../Middlewares/Third_Party/mbedTLS/library/psa_crypto.c:89:12:key_type_is_raw_bytes	16	static
../Middlewares/Third_Party/mbedTLS/library/psa_crypto.c:126:16:psa_get_initialized	16	static
../Middlewares/Third_Party/mbedTLS/library/psa_crypto.c:154:16:psa_get_drivers_initialized	16	static
../Middlewares/Third_Party/mbedTLS/library/psa_crypto.c:287:5:psa_can_do_hash	16	static
../Middlewares/Third_Party/mbedTLS/library/psa_crypto.c:293:5:psa_can_do_cipher	16	static
../Middlewares/Third_Party/mbedTLS/library/psa_crypto.c:304:12:psa_is_dh_key_size_valid	16	static
../Middlewares/Third_Party/mbedTLS/library/psa_crypto.c:335:14:mbedtls_to_psa_error	24	static
../Middlewares/Third_Party/mbedTLS/library/psa_crypto.c:593:13:psa_wipe_tag_output_buffer	32	static
../Middlewares/Third_Party/mbedTLS/library/psa_crypto.c:612:14:psa_validate_unstructured_key_bit_size	16	static
../Middlewares/Third_Party/mbedTLS/library/psa_crypto.c:682:38:psa_mac_key_can_do	16	static
../Middlewares/Third_Party/mbedTLS/library/psa_crypto.c:708:14:psa_allocate_buffer_to_slot	16	static
../Middlewares/Third_Party/mbedTLS/library/psa_crypto.c:736:14:psa_copy_key_material_into_slot	32	static
../Middlewares/Third_Party/mbedTLS/library/psa_crypto.c:750:14:psa_import_key_into_slot	48	static
../Middlewares/Third_Party/mbedTLS/library/psa_crypto.c:840:24:psa_key_policy_algorithm_intersection	48	static
../Middlewares/Third_Party/mbedTLS/library/psa_crypto.c:939:12:psa_key_algorithm_permits	32	static
../Middlewares/Third_Party/mbedTLS/library/psa_crypto.c:1037:21:psa_key_policy_permits	24	static
../Middlewares/Third_Party/mbedTLS/library/psa_crypto.c:1077:21:psa_restrict_key_policy	32	static
../Middlewares/Third_Party/mbedTLS/library/psa_crypto.c:1119:21:psa_get_and_lock_key_slot_with_policy	32	static
../Middlewares/Third_Party/mbedTLS/library/psa_crypto.c:1185:21:psa_get_and_lock_transparent_key_slot_with_policy	32	static
../Middlewares/Third_Party/mbedTLS/library/psa_crypto.c:1206:14:psa_remove_key_data_from_memory	16	static
../Middlewares/Third_Party/mbedTLS/library/psa_crypto.c:1227:14:psa_wipe_key_slot	24	static
../Middlewares/Third_Party/mbedTLS/library/psa_crypto.c:1299:14:psa_destroy_key	32	static
../Middlewares/Third_Party/mbedTLS/library/psa_crypto.c:1449:14:psa_get_key_attributes	32	static
../Middlewares/Third_Party/mbedTLS/library/psa_crypto.c:1488:21:psa_export_key_buffer_internal	24	static
../Middlewares/Third_Party/mbedTLS/library/psa_crypto.c:1504:14:psa_export_key_internal	40	static
../Middlewares/Third_Party/mbedTLS/library/psa_crypto.c:1526:14:psa_export_key	80	static
../Middlewares/Third_Party/mbedTLS/library/psa_crypto.c:1574:14:psa_export_public_key_internal	40	static
../Middlewares/Third_Party/mbedTLS/library/psa_crypto.c:1641:14:psa_export_public_key	80	static
../Middlewares/Third_Party/mbedTLS/library/psa_crypto.c:1695:21:psa_validate_key_policy	16	static
../Middlewares/Third_Party/mbedTLS/library/psa_crypto.c:1726:21:psa_validate_key_attributes	32	static
../Middlewares/Third_Party/mbedTLS/library/psa_crypto.c:1800:21:psa_start_key_creation	48	static
../Middlewares/Third_Party/mbedTLS/library/psa_crypto.c:1936:21:psa_finish_key_creation	32	static
../Middlewares/Third_Party/mbedTLS/library/psa_crypto.c:2028:13:psa_fail_key_creation	16	static
../Middlewares/Third_Party/mbedTLS/library/psa_crypto.c:2077:21:psa_validate_optional_attributes	16	static
../Middlewares/Third_Party/mbedTLS/library/psa_crypto.c:2096:14:psa_import_key	80	static
../Middlewares/Third_Party/mbedTLS/library/psa_crypto.c:2235:14:psa_copy_key	88	static
../Middlewares/Third_Party/mbedTLS/library/psa_crypto.c:2346:12:is_hash_supported	16	static
../Middlewares/Third_Party/mbedTLS/library/psa_crypto.c:2398:14:psa_hash_abort	24	static
../Middlewares/Third_Party/mbedTLS/library/psa_crypto.c:2411:14:psa_hash_setup	24	static
../Middlewares/Third_Party/mbedTLS/library/psa_crypto.c:2444:14:psa_hash_update	48	static
../Middlewares/Third_Party/mbedTLS/library/psa_crypto.c:2474:21:psa_hash_finish_internal	32	static
../Middlewares/Third_Party/mbedTLS/library/psa_crypto.c:2493:14:psa_hash_finish	64	static
../Middlewares/Third_Party/mbedTLS/library/psa_crypto.c:2511:14:psa_hash_verify	120	static
../Middlewares/Third_Party/mbedTLS/library/psa_crypto.c:2548:14:psa_hash_compute	88	static
../Middlewares/Third_Party/mbedTLS/library/psa_crypto.c:2575:14:psa_hash_compare	144	static
../Middlewares/Third_Party/mbedTLS/library/psa_crypto.c:2618:14:psa_hash_clone	24	static
../Middlewares/Third_Party/mbedTLS/library/psa_crypto.c:2647:14:psa_mac_abort	24	static
../Middlewares/Third_Party/mbedTLS/library/psa_crypto.c:2662:21:psa_mac_finalize_alg_and_key_validation	40	static
../Middlewares/Third_Party/mbedTLS/library/psa_crypto.c:2715:21:psa_mac_setup	48	static
../Middlewares/Third_Party/mbedTLS/library/psa_crypto.c:2778:14:psa_mac_sign_setup	24	static
../Middlewares/Third_Party/mbedTLS/library/psa_crypto.c:2785:14:psa_mac_verify_setup	24	static
../Middlewares/Third_Party/mbedTLS/library/psa_crypto.c:2792:14:psa_mac_update	48	static
../Middlewares/Third_Party/mbedTLS/library/psa_crypto.c:2826:14:psa_mac_sign_finish	64	static
../Middlewares/Third_Party/mbedTLS/library/psa_crypto.c:2885:14:psa_mac_verify_finish	56	static
../Middlewares/Third_Party/mbedTLS/library/psa_crypto.c:2919:21:psa_mac_compute_internal	72	static
../Middlewares/Third_Party/mbedTLS/library/psa_crypto.c:2979:14:psa_mac_compute	96	static
../Middlewares/Third_Party/mbedTLS/library/psa_crypto.c:3006:14:psa_mac_verify	152	static
../Middlewares/Third_Party/mbedTLS/library/psa_crypto.c:3051:21:psa_sign_verify_check_alg	24	static
../Middlewares/Third_Party/mbedTLS/library/psa_crypto.c:3101:21:psa_sign_internal	64	static
../Middlewares/Third_Party/mbedTLS/library/psa_crypto.c:3167:21:psa_verify_internal	56	static
../Middlewares/Third_Party/mbedTLS/library/psa_crypto.c:3212:14:psa_sign_message_builtin	120	static
../Middlewares/Third_Party/mbedTLS/library/psa_crypto.c:3247:14:psa_sign_message	96	static
../Middlewares/Third_Party/mbedTLS/library/psa_crypto.c:3272:14:psa_verify_message_builtin	112	static
../Middlewares/Third_Party/mbedTLS/library/psa_crypto.c:3306:14:psa_verify_message	88	static
../Middlewares/Third_Party/mbedTLS/library/psa_crypto.c:3331:14:psa_sign_hash_builtin	48	static
../Middlewares/Third_Party/mbedTLS/library/psa_crypto.c:3379:14:psa_sign_hash	96	static
../Middlewares/Third_Party/mbedTLS/library/psa_crypto.c:3405:14:psa_verify_hash_builtin	40	static
../Middlewares/Third_Party/mbedTLS/library/psa_crypto.c:3452:14:psa_verify_hash	88	static
../Middlewares/Third_Party/mbedTLS/library/psa_crypto.c:3477:14:psa_asymmetric_encrypt	144	static
../Middlewares/Third_Party/mbedTLS/library/psa_crypto.c:3536:14:psa_asymmetric_decrypt	144	static
../Middlewares/Third_Party/mbedTLS/library/psa_crypto.c:3601:6:psa_interruptible_set_max_ops	16	static
../Middlewares/Third_Party/mbedTLS/library/psa_crypto.c:3606:10:psa_interruptible_get_max_ops	4	static
../Middlewares/Third_Party/mbedTLS/library/psa_crypto.c:3611:10:psa_sign_hash_get_num_ops	16	static
../Middlewares/Third_Party/mbedTLS/library/psa_crypto.c:3617:10:psa_verify_hash_get_num_ops	16	static
../Middlewares/Third_Party/mbedTLS/library/psa_crypto.c:3623:21:psa_sign_hash_abort_internal	24	static
../Middlewares/Third_Party/mbedTLS/library/psa_crypto.c:3646:14:psa_sign_hash_start	72	static
../Middlewares/Third_Party/mbedTLS/library/psa_crypto.c:3717:14:psa_sign_hash_complete	64	static
../Middlewares/Third_Party/mbedTLS/library/psa_crypto.c:3771:14:psa_sign_hash_abort	24	static
../Middlewares/Third_Party/mbedTLS/library/psa_crypto.c:3788:21:psa_verify_hash_abort_internal	24	static
../Middlewares/Third_Party/mbedTLS/library/psa_crypto.c:3811:14:psa_verify_hash_start	104	static
../Middlewares/Third_Party/mbedTLS/library/psa_crypto.c:3884:14:psa_verify_hash_complete	24	static
../Middlewares/Third_Party/mbedTLS/library/psa_crypto.c:3915:14:psa_verify_hash_abort	24	static
../Middlewares/Third_Party/mbedTLS/library/psa_crypto.c:3937:6:mbedtls_psa_interruptible_set_max_ops	16	static
../Middlewares/Third_Party/mbedTLS/library/psa_crypto.c:3958:10:mbedtls_psa_sign_hash_get_num_ops	16	static
../Middlewares/Third_Party/mbedTLS/library/psa_crypto.c:3974:10:mbedtls_psa_verify_hash_get_num_ops	16	static
../Middlewares/Third_Party/mbedTLS/library/psa_crypto.c:4000:19:can_do_interruptible_sign_verify	16	static
../Middlewares/Third_Party/mbedTLS/library/psa_crypto.c:4018:14:mbedtls_psa_sign_hash_start	32	static
../Middlewares/Third_Party/mbedTLS/library/psa_crypto.c:4096:14:mbedtls_psa_sign_hash_complete	24	static
../Middlewares/Third_Party/mbedTLS/library/psa_crypto.c:4204:14:mbedtls_psa_sign_hash_abort	16	static
../Middlewares/Third_Party/mbedTLS/library/psa_crypto.c:4235:14:mbedtls_psa_verify_hash_start	40	static
../Middlewares/Third_Party/mbedTLS/library/psa_crypto.c:4344:14:mbedtls_psa_verify_hash_complete	16	static
../Middlewares/Third_Party/mbedTLS/library/psa_crypto.c:4381:14:mbedtls_psa_verify_hash_abort	16	static
../Middlewares/Third_Party/mbedTLS/library/psa_crypto.c:4414:21:psa_generate_random_internal	24	static
../Middlewares/Third_Party/mbedTLS/library/psa_crypto.c:4464:21:psa_cipher_setup	48	static
../Middlewares/Third_Party/mbedTLS/library/psa_crypto.c:4537:14:psa_cipher_encrypt_setup	24	static
../Middlewares/Third_Party/mbedTLS/library/psa_crypto.c:4544:14:psa_cipher_decrypt_setup	24	static
../Middlewares/Third_Party/mbedTLS/library/psa_crypto.c:4551:14:psa_cipher_generate_iv	64	static
../Middlewares/Third_Party/mbedTLS/library/psa_crypto.c:4608:14:psa_cipher_set_iv	48	static
../Middlewares/Third_Party/mbedTLS/library/psa_crypto.c:4649:14:psa_cipher_update	88	static
../Middlewares/Third_Party/mbedTLS/library/psa_crypto.c:4692:14:psa_cipher_finish	72	static
../Middlewares/Third_Party/mbedTLS/library/psa_crypto.c:4745:14:psa_cipher_abort	16	static
../Middlewares/Third_Party/mbedTLS/library/psa_crypto.c:4763:14:psa_cipher_encrypt	160	static
../Middlewares/Third_Party/mbedTLS/library/psa_crypto.c:4840:14:psa_cipher_decrypt	120	static
../Middlewares/Third_Party/mbedTLS/library/psa_crypto.c:4906:24:psa_aead_get_base_algorithm	16	static
../Middlewares/Third_Party/mbedTLS/library/psa_crypto.c:4912:21:psa_aead_check_nonce_length	24	static
../Middlewares/Third_Party/mbedTLS/library/psa_crypto.c:4957:21:psa_aead_check_algorithm	16	static
../Middlewares/Third_Party/mbedTLS/library/psa_crypto.c:4966:14:psa_aead_encrypt	168	static
../Middlewares/Third_Party/mbedTLS/library/psa_crypto.c:5032:14:psa_aead_decrypt	168	static
../Middlewares/Third_Party/mbedTLS/library/psa_crypto.c:5099:21:psa_validate_tag_length	24	static
../Middlewares/Third_Party/mbedTLS/library/psa_crypto.c:5142:21:psa_aead_setup	48	static
../Middlewares/Third_Party/mbedTLS/library/psa_crypto.c:5225:14:psa_aead_encrypt_setup	24	static
../Middlewares/Third_Party/mbedTLS/library/psa_crypto.c:5233:14:psa_aead_decrypt_setup	24	static
../Middlewares/Third_Party/mbedTLS/library/psa_crypto.c:5240:21:psa_aead_set_nonce_internal	32	static
../Middlewares/Third_Party/mbedTLS/library/psa_crypto.c:5276:14:psa_aead_generate_nonce	80	static
../Middlewares/Third_Party/mbedTLS/library/psa_crypto.c:5339:14:psa_aead_set_nonce	48	static
../Middlewares/Third_Party/mbedTLS/library/psa_crypto.c:5361:14:psa_aead_set_lengths	32	static
../Middlewares/Third_Party/mbedTLS/library/psa_crypto.c:5426:14:psa_aead_update_ad	48	static
../Middlewares/Third_Party/mbedTLS/library/psa_crypto.c:5483:14:psa_aead_update	88	static
../Middlewares/Third_Party/mbedTLS/library/psa_crypto.c:5551:21:psa_aead_final_checks	16	static
../Middlewares/Third_Party/mbedTLS/library/psa_crypto.c:5566:14:psa_aead_finish	112	static
../Middlewares/Third_Party/mbedTLS/library/psa_crypto.c:5620:14:psa_aead_verify	88	static
../Middlewares/Third_Party/mbedTLS/library/psa_crypto.c:5662:14:psa_aead_abort	24	static
../Middlewares/Third_Party/mbedTLS/library/psa_crypto.c:5706:21:psa_key_derivation_start_hmac	64	static
../Middlewares/Third_Party/mbedTLS/library/psa_crypto.c:5744:24:psa_key_derivation_get_kdf_alg	16	static
../Middlewares/Third_Party/mbedTLS/library/psa_crypto.c:5754:14:psa_key_derivation_abort	24	static
../Middlewares/Third_Party/mbedTLS/library/psa_crypto.c:5824:14:psa_key_derivation_get_capacity	16	static
../Middlewares/Third_Party/mbedTLS/library/psa_crypto.c:5836:14:psa_key_derivation_set_capacity	16	static
../Middlewares/Third_Party/mbedTLS/library/psa_crypto.c:5851:21:psa_key_derivation_hkdf_read	48	static
../Middlewares/Third_Party/mbedTLS/library/psa_crypto.c:5944:21:psa_key_derivation_tls12_prf_generate_next_block	440	static
../Middlewares/Third_Party/mbedTLS/library/psa_crypto.c:6064:21:psa_key_derivation_tls12_prf_read	40	static
../Middlewares/Third_Party/mbedTLS/library/psa_crypto.c:6116:21:psa_key_derivation_tls12_ecjpake_to_pms_read	40	static
../Middlewares/Third_Party/mbedTLS/library/psa_crypto.c:6288:14:psa_key_derivation_output_bytes	72	static
../Middlewares/Third_Party/mbedTLS/library/psa_crypto.c:6380:13:psa_des_set_key_parity	16	static
../Middlewares/Third_Party/mbedTLS/library/psa_crypto.c:6425:21:psa_generate_derived_ecc_key_weierstrass_helper	168	static
../Middlewares/Third_Party/mbedTLS/library/psa_crypto.c:6533:21:psa_generate_derived_ecc_key_montgomery_helper	32	static
../Middlewares/Third_Party/mbedTLS/library/psa_crypto.c:6606:21:psa_generate_derived_key_internal	72	static
../Middlewares/Third_Party/mbedTLS/library/psa_crypto.c:6693:5:psa_custom_key_parameters_are_default	16	static
../Middlewares/Third_Party/mbedTLS/library/psa_crypto.c:6706:14:psa_key_derivation_output_key_custom	40	static
../Middlewares/Third_Party/mbedTLS/library/psa_crypto.c:6762:14:psa_key_derivation_output_key_ext	32	static
../Middlewares/Third_Party/mbedTLS/library/psa_crypto.c:6776:14:psa_key_derivation_output_key	32	static
../Middlewares/Third_Party/mbedTLS/library/psa_crypto.c:6793:12:is_kdf_alg_supported	16	static
../Middlewares/Third_Party/mbedTLS/library/psa_crypto.c:6838:21:psa_hash_try_support	256	static
../Middlewares/Third_Party/mbedTLS/library/psa_crypto.c:6846:21:psa_key_derivation_set_maximum_capacity	32	static
../Middlewares/Third_Party/mbedTLS/library/psa_crypto.c:6931:21:psa_key_derivation_setup_kdf	24	static
../Middlewares/Third_Party/mbedTLS/library/psa_crypto.c:6949:21:psa_key_agreement_try_support	16	static
../Middlewares/Third_Party/mbedTLS/library/psa_crypto.c:6965:12:psa_key_derivation_allows_free_form_secret_input	16	static
../Middlewares/Third_Party/mbedTLS/library/psa_crypto.c:6978:14:psa_key_derivation_setup	32	static
../Middlewares/Third_Party/mbedTLS/library/psa_crypto.c:7025:21:psa_hkdf_input	32	static
../Middlewares/Third_Party/mbedTLS/library/psa_crypto.c:7157:21:psa_tls12_prf_set_seed	24	static
../Middlewares/Third_Party/mbedTLS/library/psa_crypto.c:7180:21:psa_tls12_prf_set_key	24	static
../Middlewares/Third_Party/mbedTLS/library/psa_crypto.c:7204:21:psa_tls12_prf_set_label	24	static
../Middlewares/Third_Party/mbedTLS/library/psa_crypto.c:7227:21:psa_tls12_prf_input	24	static
../Middlewares/Third_Party/mbedTLS/library/psa_crypto.c:7247:21:psa_tls12_prf_psk_to_ms_set_key	40	static
../Middlewares/Third_Party/mbedTLS/library/psa_crypto.c:7311:21:psa_tls12_prf_psk_to_ms_set_other_key	24	static
../Middlewares/Third_Party/mbedTLS/library/psa_crypto.c:7337:21:psa_tls12_prf_psk_to_ms_input	24	static
../Middlewares/Third_Party/mbedTLS/library/psa_crypto.c:7362:21:psa_tls12_ecjpake_to_pms_input	24	static
../Middlewares/Third_Party/mbedTLS/library/psa_crypto.c:7557:12:psa_key_derivation_check_input_type	16	static
../Middlewares/Third_Party/mbedTLS/library/psa_crypto.c:7604:21:psa_key_derivation_input_internal	40	static
../Middlewares/Third_Party/mbedTLS/library/psa_crypto.c:7670:21:psa_key_derivation_input_integer_internal	32	static
../Middlewares/Third_Party/mbedTLS/library/psa_crypto.c:7704:14:psa_key_derivation_input_bytes	56	static
../Middlewares/Third_Party/mbedTLS/library/psa_crypto.c:7725:14:psa_key_derivation_input_integer	24	static
../Middlewares/Third_Party/mbedTLS/library/psa_crypto.c:7733:14:psa_key_derivation_input_key	48	static
../Middlewares/Third_Party/mbedTLS/library/psa_crypto.c:7772:14:psa_key_agreement_raw_builtin	48	static
../Middlewares/Third_Party/mbedTLS/library/psa_crypto.c:7824:21:psa_key_agreement_raw_internal	48	static
../Middlewares/Third_Party/mbedTLS/library/psa_crypto.c:7848:21:psa_key_agreement_internal	1088	static
../Middlewares/Third_Party/mbedTLS/library/psa_crypto.c:7883:14:psa_key_derivation_key_agreement	64	static
../Middlewares/Third_Party/mbedTLS/library/psa_crypto.c:7927:14:psa_raw_key_agreement	112	static
../Middlewares/Third_Party/mbedTLS/library/psa_crypto.c:8015:13:mbedtls_psa_random_init	16	static
../Middlewares/Third_Party/mbedTLS/library/psa_crypto.c:8050:13:mbedtls_psa_random_free	16	static
../Middlewares/Third_Party/mbedTLS/library/psa_crypto.c:8062:21:mbedtls_psa_random_seed	24	static
../Middlewares/Third_Party/mbedTLS/library/psa_crypto.c:8076:14:psa_generate_random	56	static
../Middlewares/Third_Party/mbedTLS/library/psa_crypto.c:8124:21:psa_validate_key_type_and_size_for_key_generation	24	static
../Middlewares/Third_Party/mbedTLS/library/psa_crypto.c:8173:14:psa_generate_key_internal	40	static
../Middlewares/Third_Party/mbedTLS/library/psa_crypto.c:8236:14:psa_generate_key_custom	56	static
../Middlewares/Third_Party/mbedTLS/library/psa_crypto.c:8327:14:psa_generate_key_ext	32	static
../Middlewares/Third_Party/mbedTLS/library/psa_crypto.c:8339:14:psa_generate_key	24	static
../Middlewares/Third_Party/mbedTLS/library/psa_crypto.c:8355:14:mbedtls_psa_crypto_configure_entropy_sources	24	static
../Middlewares/Third_Party/mbedTLS/library/psa_crypto.c:8381:6:mbedtls_psa_crypto_free	8	static
../Middlewares/Third_Party/mbedTLS/library/psa_crypto.c:8457:21:mbedtls_psa_crypto_init_subsystem	24	static
../Middlewares/Third_Party/mbedTLS/library/psa_crypto.c:8589:14:psa_crypto_init	16	static
../Middlewares/Third_Party/mbedTLS/library/psa_crypto.c:8632:14:psa_crypto_driver_pake_get_password_len	16	static
../Middlewares/Third_Party/mbedTLS/library/psa_crypto.c:8645:14:psa_crypto_driver_pake_get_password	24	static
../Middlewares/Third_Party/mbedTLS/library/psa_crypto.c:8663:14:psa_crypto_driver_pake_get_user_len	16	static
../Middlewares/Third_Party/mbedTLS/library/psa_crypto.c:8676:14:psa_crypto_driver_pake_get_user	24	static
../Middlewares/Third_Party/mbedTLS/library/psa_crypto.c:8694:14:psa_crypto_driver_pake_get_peer_len	16	static
../Middlewares/Third_Party/mbedTLS/library/psa_crypto.c:8707:14:psa_crypto_driver_pake_get_peer	24	static
../Middlewares/Third_Party/mbedTLS/library/psa_crypto.c:8725:14:psa_crypto_driver_pake_get_cipher_suite	16	static
../Middlewares/Third_Party/mbedTLS/library/psa_crypto.c:8738:14:psa_pake_setup	24	static
../Middlewares/Third_Party/mbedTLS/library/psa_crypto.c:8788:14:psa_pake_set_password_key	40	static
../Middlewares/Third_Party/mbedTLS/library/psa_crypto.c:8835:14:psa_pake_set_user	48	static
../Middlewares/Third_Party/mbedTLS/library/psa_crypto.c:8879:14:psa_pake_set_peer	48	static
../Middlewares/Third_Party/mbedTLS/library/psa_crypto.c:8923:14:psa_pake_set_role	24	static
../Middlewares/Third_Party/mbedTLS/library/psa_crypto.c:8955:38:convert_jpake_computation_stage_to_driver_step	24	static
../Middlewares/Third_Party/mbedTLS/library/psa_crypto.c:8982:21:psa_pake_complete_inputs	88	static
../Middlewares/Third_Party/mbedTLS/library/psa_crypto.c:9026:21:psa_jpake_prologue	24	static
../Middlewares/Third_Party/mbedTLS/library/psa_crypto.c:9065:21:psa_jpake_epilogue	24	static
../Middlewares/Third_Party/mbedTLS/library/psa_crypto.c:9102:14:psa_pake_output	72	static
../Middlewares/Third_Party/mbedTLS/library/psa_crypto.c:9179:14:psa_pake_input	56	static
../Middlewares/Third_Party/mbedTLS/library/psa_crypto.c:9256:14:psa_pake_get_implicit_key	368	static
../Middlewares/Third_Party/mbedTLS/library/psa_crypto.c:9305:14:psa_pake_abort	24	static
../Middlewares/Third_Party/mbedTLS/library/psa_crypto.c:9356:14:psa_crypto_copy_input	24	static
../Middlewares/Third_Party/mbedTLS/library/psa_crypto.c:9395:14:psa_crypto_copy_output	24	static
../Middlewares/Third_Party/mbedTLS/library/psa_crypto.c:9421:14:psa_crypto_local_input_alloc	40	static
../Middlewares/Third_Party/mbedTLS/library/psa_crypto.c:9457:6:psa_crypto_local_input_free	16	static
../Middlewares/Third_Party/mbedTLS/library/psa_crypto.c:9464:14:psa_crypto_local_output_alloc	40	static
../Middlewares/Third_Party/mbedTLS/library/psa_crypto.c:9484:14:psa_crypto_local_output_free	24	static
