../Core/Src/app.cpp:41:20:const char* chStr(LinkChannel)	0	static
../Core/Src/app.cpp:97:13:bool isIpv4Literal(const char*)	0	static
../Core/Src/app.cpp:266:13:bool isLeap(int)	0	static
../Core/Src/app.cpp:268:17:uint32_t daysBeforeMonth(int, int)	8	static
../Core/Src/app.cpp:276:17:uint64_t toUnixMs(const DateTime&)	32	static
../Core/Src/app.cpp:295:13:void u64_to_dec(char*, size_t, uint64_t)	56	static
../Core/Src/app.cpp:337:13:bool rtcLooksInvalid(const DateTime&)	0	static
../Core/Src/app.cpp:346:13:bool isLeapYearFull(int)	0	static
../Core/Src/app.cpp:351:13:void unixToDateTime(uint32_t, DateTime&)	16	static
../Core/Src/app.cpp:35:20:LinkChannel readChannel()	8	static
../Core/Src/app.cpp:46:13:void logNetSelect(const char*)	24	static
../Core/Src/app.cpp:322:17:uint32_t bkpRead(uint32_t)	8	static
../Core/Src/app.cpp:325:17:uint32_t loadLastSyncUnix()	8	static
../Core/Src/app.cpp:63:13:bool ethLinkUpAfterInit()	16	static
../Core/Src/app.cpp:70:13:bool ensureEthReadyAndLinkUp()	8	static
../Core/Src/app.cpp:145:13:bool resolveHost(const char*, uint8_t*)	80	static
../Core/Src/app.cpp:383:13:bool sntpGetUnixTime(const char*, uint32_t&)	144	static
../Core/Src/app.cpp:323:17:void bkpWrite(uint32_t, uint32_t)	8	static
../Core/Src/app.cpp:331:13:void storeLastSyncUnix(uint32_t)	8	static
../Core/Src/app.cpp:53:13:bool startsWith(const char*, const char*)	16	static
../Core/Src/app.cpp:106:13:bool parseHttpUrl(const char*, UrlParts&)	16	static
../Core/Src/app.cpp:169:12:int httpPostPlainW5500(const char*, const char*, const char*, uint16_t, uint32_t)	848	static
../Core/Src/app.cpp:445:1:App::App()	24	static
../Core/Src/app.cpp:456:12:SystemMode App::readMode()	8	static
../Core/Src/app.cpp:462:6:void App::ledOn()	8	static
../Core/Src/app.cpp:463:6:void App::ledOff()	8	static
../Core/Src/app.cpp:465:6:void App::ledBlink(uint8_t, uint32_t)	24	static
../Core/Src/app.cpp:470:6:void App::init()	16	static
../Core/Src/app.cpp:511:6:bool App::syncRtcWithNtpIfNeeded(const char*, bool)	144	static
../Core/Src/app.cpp:759:6:void App::transmitSingle(float, const DateTime&)	408	static
../Core/Src/app.cpp:794:6:void App::retransmitBackup()	48	static
../Core/Src/app.cpp:728:6:void App::transmitBuffer()	16	static
../Core/Src/app.cpp:582:19:void App::run()	752	static
