../Core/Src/app.cpp:44:20:const char* chStr(LinkChannel)	0	static
../Core/Src/app.cpp:101:13:bool isIpv4Literal(const char*)	0	static
../Core/Src/app.cpp:269:13:bool isLeap(int)	0	static
../Core/Src/app.cpp:271:17:uint32_t daysBeforeMonth(int, int)	8	static
../Core/Src/app.cpp:279:17:uint64_t toUnixMs(const DateTime&)	32	static
../Core/Src/app.cpp:299:13:void u64_to_dec(char*, size_t, uint64_t)	56	static
../Core/Src/app.cpp:38:20:LinkChannel readChannel()	8	static
../Core/Src/app.cpp:49:13:void logNetSelect(const char*)	24	static
../Core/Src/app.cpp:68:13:bool ethLinkUpAfterInit()	16	static
../Core/Src/app.cpp:76:13:bool ensureEthReadyAndLinkUp()	8	static
../Core/Src/app.cpp:56:13:bool startsWith(const char*, const char*)	16	static
../Core/Src/app.cpp:110:13:bool parseHttpUrl(const char*, UrlParts&)	16	static
../Core/Src/app.cpp:149:13:bool resolveHost(const char*, uint8_t*)	80	static
../Core/Src/app.cpp:173:12:int httpPostPlainW5500(const char*, const char*, const char*, uint16_t, uint32_t)	848	static
../Core/Src/app.cpp:317:1:App::App()	24	static
../Core/Src/app.cpp:328:12:SystemMode App::readMode()	8	static
../Core/Src/app.cpp:334:6:void App::ledOn()	8	static
../Core/Src/app.cpp:335:6:void App::ledOff()	8	static
../Core/Src/app.cpp:337:6:void App::ledBlink(uint8_t, uint32_t)	24	static
../Core/Src/app.cpp:342:6:void App::init()	16	static
../Core/Src/app.cpp:543:6:void App::transmitSingle(float, const DateTime&)	344	static
../Core/Src/app.cpp:578:6:void App::retransmitBackup()	40	static
../Core/Src/app.cpp:511:6:void App::transmitBuffer()	16	static
../Core/Src/app.cpp:371:19:void App::run()	624	static
